Built target ament_cmake_python_symlink_humanoid_head
Built target ament_cmake_python_symlink_humanoid_head_setup
running egg_info
writing humanoid_head.egg-info/PKG-INFO
writing dependency_links to humanoid_head.egg-info/dependency_links.txt
writing top-level names to humanoid_head.egg-info/top_level.txt
reading manifest file 'humanoid_head.egg-info/SOURCES.txt'
writing manifest file 'humanoid_head.egg-info/SOURCES.txt'
Built target ament_cmake_python_build_humanoid_head_egg
-- Install configuration: ""
-- Execute custom install script
-- Up-to-date symlink: /home/zjq/桌面/humanoid_head_project/install/humanoid_head/share/humanoid_head/urdf/humanoid_head.urdf
-- Up-to-date symlink: /home/zjq/桌面/humanoid_head_project/install/humanoid_head/share/humanoid_head/config/head_controllers.yaml
-- Up-to-date symlink: /home/zjq/桌面/humanoid_head_project/install/humanoid_head/share/humanoid_head/launch/head_sim.launch.py
-- Up-to-date symlink: /home/zjq/桌面/humanoid_head_project/install/humanoid_head/share/humanoid_head/worlds/empty.world
-- Up-to-date symlink: /home/zjq/桌面/humanoid_head_project/install/humanoid_head/share/humanoid_head/environment/pythonpath.sh
-- Up-to-date symlink: /home/zjq/桌面/humanoid_head_project/install/humanoid_head/share/humanoid_head/environment/pythonpath.dsv
-- Up-to-date symlink: /home/zjq/桌面/humanoid_head_project/install/humanoid_head/local/lib/python3.10/dist-packages/humanoid_head-0.1.0-py3.10.egg-info/PKG-INFO
-- Up-to-date symlink: /home/zjq/桌面/humanoid_head_project/install/humanoid_head/local/lib/python3.10/dist-packages/humanoid_head-0.1.0-py3.10.egg-info/SOURCES.txt
-- Up-to-date symlink: /home/zjq/桌面/humanoid_head_project/install/humanoid_head/local/lib/python3.10/dist-packages/humanoid_head-0.1.0-py3.10.egg-info/dependency_links.txt
-- Up-to-date symlink: /home/zjq/桌面/humanoid_head_project/install/humanoid_head/local/lib/python3.10/dist-packages/humanoid_head-0.1.0-py3.10.egg-info/top_level.txt
-- Up-to-date symlink: /home/zjq/桌面/humanoid_head_project/install/humanoid_head/local/lib/python3.10/dist-packages/humanoid_head/__init__.py
-- Symlinking: /home/zjq/桌面/humanoid_head_project/install/humanoid_head/local/lib/python3.10/dist-packages/humanoid_head/cli_handler.py
-- Symlinking: /home/zjq/桌面/humanoid_head_project/install/humanoid_head/local/lib/python3.10/dist-packages/humanoid_head/expression_defs.py
-- Symlinking: /home/zjq/桌面/humanoid_head_project/install/humanoid_head/local/lib/python3.10/dist-packages/humanoid_head/expression_engine.py
-- Symlinking: /home/zjq/桌面/humanoid_head_project/install/humanoid_head/local/lib/python3.10/dist-packages/humanoid_head/state_machine.py
-- Up-to-date symlink: /home/zjq/桌面/humanoid_head_project/install/humanoid_head/share/ament_index/resource_index/package_run_dependencies/humanoid_head
-- Up-to-date symlink: /home/zjq/桌面/humanoid_head_project/install/humanoid_head/share/ament_index/resource_index/parent_prefix_path/humanoid_head
-- Up-to-date symlink: /home/zjq/桌面/humanoid_head_project/install/humanoid_head/share/humanoid_head/environment/ament_prefix_path.sh
-- Up-to-date symlink: /home/zjq/桌面/humanoid_head_project/install/humanoid_head/share/humanoid_head/environment/ament_prefix_path.dsv
-- Up-to-date symlink: /home/zjq/桌面/humanoid_head_project/install/humanoid_head/share/humanoid_head/environment/path.sh
-- Up-to-date symlink: /home/zjq/桌面/humanoid_head_project/install/humanoid_head/share/humanoid_head/environment/path.dsv
-- Up-to-date symlink: /home/zjq/桌面/humanoid_head_project/install/humanoid_head/share/humanoid_head/local_setup.bash
-- Up-to-date symlink: /home/zjq/桌面/humanoid_head_project/install/humanoid_head/share/humanoid_head/local_setup.sh
-- Up-to-date symlink: /home/zjq/桌面/humanoid_head_project/install/humanoid_head/share/humanoid_head/local_setup.zsh
-- Up-to-date symlink: /home/zjq/桌面/humanoid_head_project/install/humanoid_head/share/humanoid_head/local_setup.dsv
-- Symlinking: /home/zjq/桌面/humanoid_head_project/install/humanoid_head/share/humanoid_head/package.dsv
-- Up-to-date symlink: /home/zjq/桌面/humanoid_head_project/install/humanoid_head/share/ament_index/resource_index/packages/humanoid_head
-- Up-to-date symlink: /home/zjq/桌面/humanoid_head_project/install/humanoid_head/share/humanoid_head/cmake/humanoid_headConfig.cmake
-- Up-to-date symlink: /home/zjq/桌面/humanoid_head_project/install/humanoid_head/share/humanoid_head/cmake/humanoid_headConfig-version.cmake
-- Up-to-date symlink: /home/zjq/桌面/humanoid_head_project/install/humanoid_head/share/humanoid_head/package.xml
Listing '/home/zjq/桌面/humanoid_head_project/install/humanoid_head/local/lib/python3.10/dist-packages/humanoid_head'...
Compiling '/home/zjq/桌面/humanoid_head_project/install/humanoid_head/local/lib/python3.10/dist-packages/humanoid_head/cli_handler.py'...
Compiling '/home/zjq/桌面/humanoid_head_project/install/humanoid_head/local/lib/python3.10/dist-packages/humanoid_head/expression_defs.py'...
Compiling '/home/zjq/桌面/humanoid_head_project/install/humanoid_head/local/lib/python3.10/dist-packages/humanoid_head/expression_engine.py'...
Compiling '/home/zjq/桌面/humanoid_head_project/install/humanoid_head/local/lib/python3.10/dist-packages/humanoid_head/state_machine.py'...
