[0.119s] colcon DEBUG Command line arguments: ['/usr/bin/colcon', 'build', '--symlink-install']
[0.119s] colcon DEBUG Parsed command line arguments: Namespace(log_base=None, log_level=None, verb_name='build', build_base='build', install_base='install', merge_install=False, symlink_install=True, test_result_base=None, continue_on_error=False, executor='parallel', parallel_workers=12, event_handlers=None, ignore_user_meta=False, metas=['./colcon.meta'], base_paths=['.'], packages_ignore=None, packages_ignore_regex=None, paths=None, packages_up_to=None, packages_up_to_regex=None, packages_above=None, packages_above_and_dependencies=None, packages_above_depth=None, packages_select_by_dep=None, packages_skip_by_dep=None, packages_skip_up_to=None, packages_select_build_failed=False, packages_skip_build_finished=False, packages_select_test_failures=False, packages_skip_test_passed=False, packages_select=None, packages_skip=None, packages_select_regex=None, packages_skip_regex=None, packages_start=None, packages_end=None, allow_overriding=[], cmake_args=None, cmake_target=None, cmake_target_skip_unavailable=False, cmake_clean_cache=False, cmake_clean_first=False, cmake_force_configure=False, ament_cmake_args=None, catkin_cmake_args=None, catkin_skip_building_tests=False, mixin_files=None, mixin=None, verb_parser=<colcon_mixin.mixin.mixin_argument.MixinArgumentDecorator object at 0x79b191945f60>, verb_extension=<colcon_core.verb.build.BuildVerb object at 0x79b191945990>, main=<bound method BuildVerb.main of <colcon_core.verb.build.BuildVerb object at 0x79b191945990>>, mixin_verb=('build',))
[0.332s] colcon.colcon_core.package_discovery Level 1 discover_packages(colcon_meta) check parameters
[0.332s] colcon.colcon_core.package_discovery Level 1 discover_packages(recursive) check parameters
[0.332s] colcon.colcon_core.package_discovery Level 1 discover_packages(ignore) check parameters
[0.332s] colcon.colcon_core.package_discovery Level 1 discover_packages(path) check parameters
[0.332s] colcon.colcon_core.package_discovery Level 1 discover_packages(colcon_meta) discover
[0.332s] colcon.colcon_core.package_discovery Level 1 discover_packages(recursive) discover
[0.332s] colcon.colcon_core.package_discovery INFO Crawling recursively for packages in '/home/zjq/桌面/humanoid_head_project'
[0.332s] colcon.colcon_core.package_identification Level 1 _identify(.) by extensions ['ignore', 'ignore_ament_install']
[0.332s] colcon.colcon_core.package_identification Level 1 _identify(.) by extension 'ignore'
[0.332s] colcon.colcon_core.package_identification Level 1 _identify(.) by extension 'ignore_ament_install'
[0.332s] colcon.colcon_core.package_identification Level 1 _identify(.) by extensions ['colcon_pkg']
[0.332s] colcon.colcon_core.package_identification Level 1 _identify(.) by extension 'colcon_pkg'
[0.332s] colcon.colcon_core.package_identification Level 1 _identify(.) by extensions ['colcon_meta']
[0.332s] colcon.colcon_core.package_identification Level 1 _identify(.) by extension 'colcon_meta'
[0.333s] colcon.colcon_core.package_identification Level 1 _identify(.) by extensions ['ros']
[0.333s] colcon.colcon_core.package_identification Level 1 _identify(.) by extension 'ros'
[0.357s] colcon.colcon_core.package_identification Level 1 _identify(.) by extensions ['cmake', 'python']
[0.357s] colcon.colcon_core.package_identification Level 1 _identify(.) by extension 'cmake'
[0.357s] colcon.colcon_core.package_identification Level 1 _identify(.) by extension 'python'
[0.357s] colcon.colcon_core.package_identification Level 1 _identify(.) by extensions ['python_setup_py']
[0.357s] colcon.colcon_core.package_identification Level 1 _identify(.) by extension 'python_setup_py'
[0.357s] colcon.colcon_core.package_identification Level 1 _identify(build) by extensions ['ignore', 'ignore_ament_install']
[0.357s] colcon.colcon_core.package_identification Level 1 _identify(build) by extension 'ignore'
[0.357s] colcon.colcon_core.package_identification Level 1 _identify(build) ignored
[0.357s] colcon.colcon_core.package_identification Level 1 _identify(install) by extensions ['ignore', 'ignore_ament_install']
[0.358s] colcon.colcon_core.package_identification Level 1 _identify(install) by extension 'ignore'
[0.358s] colcon.colcon_core.package_identification Level 1 _identify(install) ignored
[0.358s] colcon.colcon_core.package_identification Level 1 _identify(log) by extensions ['ignore', 'ignore_ament_install']
[0.358s] colcon.colcon_core.package_identification Level 1 _identify(log) by extension 'ignore'
[0.358s] colcon.colcon_core.package_identification Level 1 _identify(log) ignored
[0.358s] colcon.colcon_core.package_identification Level 1 _identify(src) by extensions ['ignore', 'ignore_ament_install']
[0.358s] colcon.colcon_core.package_identification Level 1 _identify(src) by extension 'ignore'
[0.358s] colcon.colcon_core.package_identification Level 1 _identify(src) by extension 'ignore_ament_install'
[0.358s] colcon.colcon_core.package_identification Level 1 _identify(src) by extensions ['colcon_pkg']
[0.358s] colcon.colcon_core.package_identification Level 1 _identify(src) by extension 'colcon_pkg'
[0.358s] colcon.colcon_core.package_identification Level 1 _identify(src) by extensions ['colcon_meta']
[0.358s] colcon.colcon_core.package_identification Level 1 _identify(src) by extension 'colcon_meta'
[0.358s] colcon.colcon_core.package_identification Level 1 _identify(src) by extensions ['ros']
[0.358s] colcon.colcon_core.package_identification Level 1 _identify(src) by extension 'ros'
[0.358s] colcon.colcon_core.package_identification Level 1 _identify(src) by extensions ['cmake', 'python']
[0.358s] colcon.colcon_core.package_identification Level 1 _identify(src) by extension 'cmake'
[0.358s] colcon.colcon_core.package_identification Level 1 _identify(src) by extension 'python'
[0.358s] colcon.colcon_core.package_identification Level 1 _identify(src) by extensions ['python_setup_py']
[0.358s] colcon.colcon_core.package_identification Level 1 _identify(src) by extension 'python_setup_py'
[0.359s] colcon.colcon_core.package_identification Level 1 _identify(src/humanoid_head) by extensions ['ignore', 'ignore_ament_install']
[0.359s] colcon.colcon_core.package_identification Level 1 _identify(src/humanoid_head) by extension 'ignore'
[0.359s] colcon.colcon_core.package_identification Level 1 _identify(src/humanoid_head) by extension 'ignore_ament_install'
[0.359s] colcon.colcon_core.package_identification Level 1 _identify(src/humanoid_head) by extensions ['colcon_pkg']
[0.359s] colcon.colcon_core.package_identification Level 1 _identify(src/humanoid_head) by extension 'colcon_pkg'
[0.359s] colcon.colcon_core.package_identification Level 1 _identify(src/humanoid_head) by extensions ['colcon_meta']
[0.359s] colcon.colcon_core.package_identification Level 1 _identify(src/humanoid_head) by extension 'colcon_meta'
[0.359s] colcon.colcon_core.package_identification Level 1 _identify(src/humanoid_head) by extensions ['ros']
[0.359s] colcon.colcon_core.package_identification Level 1 _identify(src/humanoid_head) by extension 'ros'
[0.361s] colcon.colcon_core.package_identification DEBUG Package 'src/humanoid_head' with type 'ros.ament_cmake' and name 'humanoid_head'
[0.362s] colcon.colcon_core.package_discovery Level 1 discover_packages(recursive) using defaults
[0.362s] colcon.colcon_core.package_discovery Level 1 discover_packages(ignore) discover
[0.362s] colcon.colcon_core.package_discovery Level 1 discover_packages(ignore) using defaults
[0.362s] colcon.colcon_core.package_discovery Level 1 discover_packages(path) discover
[0.362s] colcon.colcon_core.package_discovery Level 1 discover_packages(path) using defaults
[0.378s] colcon.colcon_core.package_discovery Level 1 discover_packages(prefix_path) check parameters
[0.378s] colcon.colcon_core.package_discovery Level 1 discover_packages(prefix_path) discover
[0.379s] colcon.colcon_installed_package_information.package_discovery DEBUG Found 2 installed packages in /home/zjq/ros2_ws/install
[0.381s] colcon.colcon_installed_package_information.package_discovery DEBUG Found 385 installed packages in /opt/ros/humble
[0.382s] colcon.colcon_core.package_discovery Level 1 discover_packages(prefix_path) using defaults
[0.423s] colcon.colcon_core.verb Level 5 set package 'humanoid_head' build argument 'cmake_args' from command line to 'None'
[0.423s] colcon.colcon_core.verb Level 5 set package 'humanoid_head' build argument 'cmake_target' from command line to 'None'
[0.423s] colcon.colcon_core.verb Level 5 set package 'humanoid_head' build argument 'cmake_target_skip_unavailable' from command line to 'False'
[0.423s] colcon.colcon_core.verb Level 5 set package 'humanoid_head' build argument 'cmake_clean_cache' from command line to 'False'
[0.423s] colcon.colcon_core.verb Level 5 set package 'humanoid_head' build argument 'cmake_clean_first' from command line to 'False'
[0.423s] colcon.colcon_core.verb Level 5 set package 'humanoid_head' build argument 'cmake_force_configure' from command line to 'False'
[0.423s] colcon.colcon_core.verb Level 5 set package 'humanoid_head' build argument 'ament_cmake_args' from command line to 'None'
[0.423s] colcon.colcon_core.verb Level 5 set package 'humanoid_head' build argument 'catkin_cmake_args' from command line to 'None'
[0.423s] colcon.colcon_core.verb Level 5 set package 'humanoid_head' build argument 'catkin_skip_building_tests' from command line to 'False'
[0.423s] colcon.colcon_core.verb DEBUG Building package 'humanoid_head' with the following arguments: {'ament_cmake_args': None, 'build_base': '/home/zjq/桌面/humanoid_head_project/build/humanoid_head', 'catkin_cmake_args': None, 'catkin_skip_building_tests': False, 'cmake_args': None, 'cmake_clean_cache': False, 'cmake_clean_first': False, 'cmake_force_configure': False, 'cmake_target': None, 'cmake_target_skip_unavailable': False, 'install_base': '/home/zjq/桌面/humanoid_head_project/install/humanoid_head', 'merge_install': False, 'path': '/home/zjq/桌面/humanoid_head_project/src/humanoid_head', 'symlink_install': True, 'test_result_base': None}
[0.423s] colcon.colcon_core.executor INFO Executing jobs using 'parallel' executor
[0.424s] colcon.colcon_parallel_executor.executor.parallel DEBUG run_until_complete
[0.425s] colcon.colcon_ros.task.ament_cmake.build INFO Building ROS package in '/home/zjq/桌面/humanoid_head_project/src/humanoid_head' with build type 'ament_cmake'
[0.425s] colcon.colcon_cmake.task.cmake.build INFO Building CMake package in '/home/zjq/桌面/humanoid_head_project/src/humanoid_head'
[0.426s] colcon.colcon_core.plugin_system INFO Skipping extension 'colcon_core.shell.bat': Not used on non-Windows systems
[0.427s] colcon.colcon_core.shell INFO Skip shell extension 'powershell' for command environment: Not usable outside of PowerShell
[0.427s] colcon.colcon_core.shell DEBUG Skip shell extension 'dsv' for command environment
[0.437s] colcon.colcon_core.event_handler.log_command DEBUG Invoking command in '/home/zjq/桌面/humanoid_head_project/build/humanoid_head': CMAKE_PREFIX_PATH=${CMAKE_PREFIX_PATH}:/home/zjq/ros2_ws/install/lpx_bridge:/opt/ros/humble /usr/bin/cmake --build /home/zjq/桌面/humanoid_head_project/build/humanoid_head -- -j12 -l12
[0.833s] colcon.colcon_core.event_handler.log_command DEBUG Invoked command in '/home/zjq/桌面/humanoid_head_project/build/humanoid_head' returned '0': CMAKE_PREFIX_PATH=${CMAKE_PREFIX_PATH}:/home/zjq/ros2_ws/install/lpx_bridge:/opt/ros/humble /usr/bin/cmake --build /home/zjq/桌面/humanoid_head_project/build/humanoid_head -- -j12 -l12
[0.845s] colcon.colcon_core.event_handler.log_command DEBUG Invoking command in '/home/zjq/桌面/humanoid_head_project/build/humanoid_head': CMAKE_PREFIX_PATH=${CMAKE_PREFIX_PATH}:/home/zjq/ros2_ws/install/lpx_bridge:/opt/ros/humble /usr/bin/cmake --install /home/zjq/桌面/humanoid_head_project/build/humanoid_head
[0.912s] colcon.colcon_core.environment Level 1 create_environment_scripts_only(humanoid_head)
[0.913s] colcon.colcon_core.event_handler.log_command DEBUG Invoked command in '/home/zjq/桌面/humanoid_head_project/build/humanoid_head' returned '0': CMAKE_PREFIX_PATH=${CMAKE_PREFIX_PATH}:/home/zjq/ros2_ws/install/lpx_bridge:/opt/ros/humble /usr/bin/cmake --install /home/zjq/桌面/humanoid_head_project/build/humanoid_head
[0.916s] colcon.colcon_core.environment Level 1 checking '/home/zjq/桌面/humanoid_head_project/install/humanoid_head' for CMake module files
[0.917s] colcon.colcon_core.environment Level 1 checking '/home/zjq/桌面/humanoid_head_project/install/humanoid_head' for CMake config files
[0.917s] colcon.colcon_core.shell Level 1 create_environment_hook('humanoid_head', 'cmake_prefix_path')
[0.917s] colcon.colcon_core.shell INFO Creating environment hook '/home/zjq/桌面/humanoid_head_project/install/humanoid_head/share/humanoid_head/hook/cmake_prefix_path.ps1'
[0.918s] colcon.colcon_core.shell INFO Creating environment descriptor '/home/zjq/桌面/humanoid_head_project/install/humanoid_head/share/humanoid_head/hook/cmake_prefix_path.dsv'
[0.918s] colcon.colcon_core.shell INFO Creating environment hook '/home/zjq/桌面/humanoid_head_project/install/humanoid_head/share/humanoid_head/hook/cmake_prefix_path.sh'
[0.919s] colcon.colcon_core.environment Level 1 checking '/home/zjq/桌面/humanoid_head_project/install/humanoid_head/lib'
[0.919s] colcon.colcon_core.environment Level 1 checking '/home/zjq/桌面/humanoid_head_project/install/humanoid_head/bin'
[0.919s] colcon.colcon_core.environment Level 1 checking '/home/zjq/桌面/humanoid_head_project/install/humanoid_head/lib/pkgconfig/humanoid_head.pc'
[0.920s] colcon.colcon_core.environment Level 1 checking '/home/zjq/桌面/humanoid_head_project/install/humanoid_head/lib/python3.10/site-packages'
[0.920s] colcon.colcon_core.environment Level 1 checking '/home/zjq/桌面/humanoid_head_project/install/humanoid_head/bin'
[0.920s] colcon.colcon_core.shell INFO Creating package script '/home/zjq/桌面/humanoid_head_project/install/humanoid_head/share/humanoid_head/package.ps1'
[0.921s] colcon.colcon_core.shell INFO Creating package descriptor '/home/zjq/桌面/humanoid_head_project/install/humanoid_head/share/humanoid_head/package.dsv'
[0.922s] colcon.colcon_core.shell INFO Creating package script '/home/zjq/桌面/humanoid_head_project/install/humanoid_head/share/humanoid_head/package.sh'
[0.923s] colcon.colcon_core.shell INFO Creating package script '/home/zjq/桌面/humanoid_head_project/install/humanoid_head/share/humanoid_head/package.bash'
[0.923s] colcon.colcon_core.shell INFO Creating package script '/home/zjq/桌面/humanoid_head_project/install/humanoid_head/share/humanoid_head/package.zsh'
[0.924s] colcon.colcon_core.environment Level 1 create_file_with_runtime_dependencies(/home/zjq/桌面/humanoid_head_project/install/humanoid_head/share/colcon-core/packages/humanoid_head)
[0.924s] colcon.colcon_core.environment Level 1 create_environment_scripts_only(humanoid_head)
[0.925s] colcon.colcon_core.environment Level 1 checking '/home/zjq/桌面/humanoid_head_project/install/humanoid_head' for CMake module files
[0.925s] colcon.colcon_core.environment Level 1 checking '/home/zjq/桌面/humanoid_head_project/install/humanoid_head' for CMake config files
[0.926s] colcon.colcon_core.shell Level 1 create_environment_hook('humanoid_head', 'cmake_prefix_path')
[0.926s] colcon.colcon_core.shell INFO Creating environment hook '/home/zjq/桌面/humanoid_head_project/install/humanoid_head/share/humanoid_head/hook/cmake_prefix_path.ps1'
[0.927s] colcon.colcon_core.shell INFO Creating environment descriptor '/home/zjq/桌面/humanoid_head_project/install/humanoid_head/share/humanoid_head/hook/cmake_prefix_path.dsv'
[0.927s] colcon.colcon_core.shell INFO Creating environment hook '/home/zjq/桌面/humanoid_head_project/install/humanoid_head/share/humanoid_head/hook/cmake_prefix_path.sh'
[0.928s] colcon.colcon_core.environment Level 1 checking '/home/zjq/桌面/humanoid_head_project/install/humanoid_head/lib'
[0.928s] colcon.colcon_core.environment Level 1 checking '/home/zjq/桌面/humanoid_head_project/install/humanoid_head/bin'
[0.928s] colcon.colcon_core.environment Level 1 checking '/home/zjq/桌面/humanoid_head_project/install/humanoid_head/lib/pkgconfig/humanoid_head.pc'
[0.928s] colcon.colcon_core.environment Level 1 checking '/home/zjq/桌面/humanoid_head_project/install/humanoid_head/lib/python3.10/site-packages'
[0.928s] colcon.colcon_core.environment Level 1 checking '/home/zjq/桌面/humanoid_head_project/install/humanoid_head/bin'
[0.929s] colcon.colcon_core.shell INFO Creating package script '/home/zjq/桌面/humanoid_head_project/install/humanoid_head/share/humanoid_head/package.ps1'
[0.929s] colcon.colcon_core.shell INFO Creating package descriptor '/home/zjq/桌面/humanoid_head_project/install/humanoid_head/share/humanoid_head/package.dsv'
[0.930s] colcon.colcon_core.shell INFO Creating package script '/home/zjq/桌面/humanoid_head_project/install/humanoid_head/share/humanoid_head/package.sh'
[0.930s] colcon.colcon_core.shell INFO Creating package script '/home/zjq/桌面/humanoid_head_project/install/humanoid_head/share/humanoid_head/package.bash'
[0.931s] colcon.colcon_core.shell INFO Creating package script '/home/zjq/桌面/humanoid_head_project/install/humanoid_head/share/humanoid_head/package.zsh'
[0.931s] colcon.colcon_core.environment Level 1 create_file_with_runtime_dependencies(/home/zjq/桌面/humanoid_head_project/install/humanoid_head/share/colcon-core/packages/humanoid_head)
[0.931s] colcon.colcon_parallel_executor.executor.parallel DEBUG closing loop
[0.932s] colcon.colcon_parallel_executor.executor.parallel DEBUG loop closed
[0.932s] colcon.colcon_parallel_executor.executor.parallel DEBUG run_until_complete finished with '0'
[0.932s] colcon.colcon_core.event_reactor DEBUG joining thread
[0.937s] colcon.colcon_core.plugin_system INFO Skipping extension 'colcon_notification.desktop_notification.terminal_notifier': Not used on non-Darwin systems
[0.937s] colcon.colcon_core.plugin_system INFO Skipping extension 'colcon_notification.desktop_notification.win32': Not used on non-Windows systems
[0.937s] colcon.colcon_notification.desktop_notification INFO Sending desktop notification using 'notify2'
[0.949s] colcon.colcon_core.event_reactor DEBUG joined thread
[0.949s] colcon.colcon_core.shell INFO Creating prefix script '/home/zjq/桌面/humanoid_head_project/install/local_setup.ps1'
[0.951s] colcon.colcon_core.shell INFO Creating prefix util module '/home/zjq/桌面/humanoid_head_project/install/_local_setup_util_ps1.py'
[0.952s] colcon.colcon_core.shell INFO Creating prefix chain script '/home/zjq/桌面/humanoid_head_project/install/setup.ps1'
[0.953s] colcon.colcon_core.shell INFO Creating prefix script '/home/zjq/桌面/humanoid_head_project/install/local_setup.sh'
[0.954s] colcon.colcon_core.shell INFO Creating prefix util module '/home/zjq/桌面/humanoid_head_project/install/_local_setup_util_sh.py'
[0.954s] colcon.colcon_core.shell INFO Creating prefix chain script '/home/zjq/桌面/humanoid_head_project/install/setup.sh'
[0.955s] colcon.colcon_core.shell INFO Creating prefix script '/home/zjq/桌面/humanoid_head_project/install/local_setup.bash'
[0.956s] colcon.colcon_core.shell INFO Creating prefix chain script '/home/zjq/桌面/humanoid_head_project/install/setup.bash'
[0.957s] colcon.colcon_core.shell INFO Creating prefix script '/home/zjq/桌面/humanoid_head_project/install/local_setup.zsh'
[0.957s] colcon.colcon_core.shell INFO Creating prefix chain script '/home/zjq/桌面/humanoid_head_project/install/setup.zsh'
