[0.015s] Invoking command in '/home/zjq/桌面/humanoid_head_project/build/humanoid_head': CMAKE_PREFIX_PATH=${CMAKE_PREFIX_PATH}:/home/zjq/ros2_ws/install/lpx_bridge:/opt/ros/humble /usr/bin/cmake --build /home/zjq/桌面/humanoid_head_project/build/humanoid_head -- -j12 -l12
[0.043s] -- Found ament_cmake: 1.3.14 (/opt/ros/humble/share/ament_cmake/cmake)
[0.181s] -- Override CMake install command with custom implementation using symlinks instead of copying resources
[0.419s] -- Configuring done
[0.425s] -- Generating done
[0.428s] -- Build files have been written to: /home/zjq/桌面/humanoid_head_project/build/humanoid_head
[0.476s] Built target ament_cmake_python_symlink_humanoid_head_setup
[0.476s] Built target ament_cmake_python_symlink_humanoid_head
[0.733s] running egg_info
[0.734s] writing humanoid_head.egg-info/PKG-INFO
[0.734s] writing dependency_links to humanoid_head.egg-info/dependency_links.txt
[0.734s] writing top-level names to humanoid_head.egg-info/top_level.txt
[0.737s] reading manifest file 'humanoid_head.egg-info/SOURCES.txt'
[0.738s] writing manifest file 'humanoid_head.egg-info/SOURCES.txt'
[0.772s] Built target ament_cmake_python_build_humanoid_head_egg
[0.787s] Invoked command in '/home/zjq/桌面/humanoid_head_project/build/humanoid_head' returned '0': CMAKE_PREFIX_PATH=${CMAKE_PREFIX_PATH}:/home/zjq/ros2_ws/install/lpx_bridge:/opt/ros/humble /usr/bin/cmake --build /home/zjq/桌面/humanoid_head_project/build/humanoid_head -- -j12 -l12
[0.801s] Invoking command in '/home/zjq/桌面/humanoid_head_project/build/humanoid_head': CMAKE_PREFIX_PATH=${CMAKE_PREFIX_PATH}:/home/zjq/ros2_ws/install/lpx_bridge:/opt/ros/humble /usr/bin/cmake --install /home/zjq/桌面/humanoid_head_project/build/humanoid_head
[0.809s] -- Install configuration: ""
[0.809s] -- Execute custom install script
[0.810s] -- Up-to-date symlink: /home/zjq/桌面/humanoid_head_project/install/humanoid_head/share/humanoid_head/environment/pythonpath.sh
[0.810s] -- Up-to-date symlink: /home/zjq/桌面/humanoid_head_project/install/humanoid_head/share/humanoid_head/environment/pythonpath.dsv
[0.811s] -- Up-to-date symlink: /home/zjq/桌面/humanoid_head_project/install/humanoid_head/local/lib/python3.10/dist-packages/humanoid_head-0.1.0-py3.10.egg-info/PKG-INFO
[0.811s] -- Up-to-date symlink: /home/zjq/桌面/humanoid_head_project/install/humanoid_head/local/lib/python3.10/dist-packages/humanoid_head-0.1.0-py3.10.egg-info/SOURCES.txt
[0.811s] -- Up-to-date symlink: /home/zjq/桌面/humanoid_head_project/install/humanoid_head/local/lib/python3.10/dist-packages/humanoid_head-0.1.0-py3.10.egg-info/dependency_links.txt
[0.811s] -- Up-to-date symlink: /home/zjq/桌面/humanoid_head_project/install/humanoid_head/local/lib/python3.10/dist-packages/humanoid_head-0.1.0-py3.10.egg-info/top_level.txt
[0.812s] -- Up-to-date symlink: /home/zjq/桌面/humanoid_head_project/install/humanoid_head/local/lib/python3.10/dist-packages/humanoid_head/__init__.py
[0.812s] -- Symlinking: /home/zjq/桌面/humanoid_head_project/install/humanoid_head/share/ament_index/resource_index/package_run_dependencies/humanoid_head
[0.824s] -- Symlinking: /home/zjq/桌面/humanoid_head_project/install/humanoid_head/share/ament_index/resource_index/parent_prefix_path/humanoid_head
[0.835s] -- Symlinking: /home/zjq/桌面/humanoid_head_project/install/humanoid_head/share/humanoid_head/environment/ament_prefix_path.sh
[0.845s] -- Symlinking: /home/zjq/桌面/humanoid_head_project/install/humanoid_head/share/humanoid_head/environment/ament_prefix_path.dsv
[0.855s] -- Symlinking: /home/zjq/桌面/humanoid_head_project/install/humanoid_head/share/humanoid_head/environment/path.sh
[0.867s] -- Symlinking: /home/zjq/桌面/humanoid_head_project/install/humanoid_head/share/humanoid_head/environment/path.dsv
[0.878s] -- Symlinking: /home/zjq/桌面/humanoid_head_project/install/humanoid_head/share/humanoid_head/local_setup.bash
[0.890s] -- Symlinking: /home/zjq/桌面/humanoid_head_project/install/humanoid_head/share/humanoid_head/local_setup.sh
[0.901s] -- Symlinking: /home/zjq/桌面/humanoid_head_project/install/humanoid_head/share/humanoid_head/local_setup.zsh
[0.912s] -- Symlinking: /home/zjq/桌面/humanoid_head_project/install/humanoid_head/share/humanoid_head/local_setup.dsv
[0.922s] -- Symlinking: /home/zjq/桌面/humanoid_head_project/install/humanoid_head/share/humanoid_head/package.dsv
[0.936s] -- Symlinking: /home/zjq/桌面/humanoid_head_project/install/humanoid_head/share/ament_index/resource_index/packages/humanoid_head
[0.949s] -- Symlinking: /home/zjq/桌面/humanoid_head_project/install/humanoid_head/share/humanoid_head/cmake/humanoid_headConfig.cmake
[0.958s] -- Symlinking: /home/zjq/桌面/humanoid_head_project/install/humanoid_head/share/humanoid_head/cmake/humanoid_headConfig-version.cmake
[0.970s] -- Symlinking: /home/zjq/桌面/humanoid_head_project/install/humanoid_head/share/humanoid_head/package.xml
[1.013s] Listing '/home/zjq/桌面/humanoid_head_project/install/humanoid_head/local/lib/python3.10/dist-packages/humanoid_head'...
[1.013s] Compiling '/home/zjq/桌面/humanoid_head_project/install/humanoid_head/local/lib/python3.10/dist-packages/humanoid_head/__init__.py'...
[1.021s] Invoked command in '/home/zjq/桌面/humanoid_head_project/build/humanoid_head' returned '0': CMAKE_PREFIX_PATH=${CMAKE_PREFIX_PATH}:/home/zjq/ros2_ws/install/lpx_bridge:/opt/ros/humble /usr/bin/cmake --install /home/zjq/桌面/humanoid_head_project/build/humanoid_head
