[0.013s] Invoking command in '/home/zjq/桌面/humanoid_head_project/build/humanoid_head': CMAKE_PREFIX_PATH=${CMAKE_PREFIX_PATH}:/home/zjq/ros2_ws/install/lpx_bridge:/opt/ros/humble /usr/bin/cmake --build /home/zjq/桌面/humanoid_head_project/build/humanoid_head -- -j12 -l12
[0.044s] -- Found ament_cmake: 1.3.14 (/opt/ros/humble/share/ament_cmake/cmake)
[0.178s] -- Override CMake install command with custom implementation using symlinks instead of copying resources
[0.404s] -- Configuring done
[0.409s] -- Generating done
[0.412s] -- Build files have been written to: /home/zjq/桌面/humanoid_head_project/build/humanoid_head
[0.468s] Built target ament_cmake_python_symlink_humanoid_head
[0.471s] Built target ament_cmake_python_symlink_humanoid_head_setup
[0.741s] running egg_info
[0.742s] writing humanoid_head.egg-info/PKG-INFO
[0.742s] writing dependency_links to humanoid_head.egg-info/dependency_links.txt
[0.742s] writing top-level names to humanoid_head.egg-info/top_level.txt
[0.745s] reading manifest file 'humanoid_head.egg-info/SOURCES.txt'
[0.746s] writing manifest file 'humanoid_head.egg-info/SOURCES.txt'
[0.781s] Built target ament_cmake_python_build_humanoid_head_egg
[0.794s] Invoked command in '/home/zjq/桌面/humanoid_head_project/build/humanoid_head' returned '0': CMAKE_PREFIX_PATH=${CMAKE_PREFIX_PATH}:/home/zjq/ros2_ws/install/lpx_bridge:/opt/ros/humble /usr/bin/cmake --build /home/zjq/桌面/humanoid_head_project/build/humanoid_head -- -j12 -l12
[0.806s] Invoking command in '/home/zjq/桌面/humanoid_head_project/build/humanoid_head': CMAKE_PREFIX_PATH=${CMAKE_PREFIX_PATH}:/home/zjq/ros2_ws/install/lpx_bridge:/opt/ros/humble /usr/bin/cmake --install /home/zjq/桌面/humanoid_head_project/build/humanoid_head
[0.815s] -- Install configuration: ""
[0.816s] -- Execute custom install script
[0.816s] -- Up-to-date symlink: /home/zjq/桌面/humanoid_head_project/install/humanoid_head/share/humanoid_head/urdf/humanoid_head.urdf
[0.816s] -- Up-to-date symlink: /home/zjq/桌面/humanoid_head_project/install/humanoid_head/share/humanoid_head/config/head_controllers.yaml
[0.817s] -- Up-to-date symlink: /home/zjq/桌面/humanoid_head_project/install/humanoid_head/share/humanoid_head/launch/head_sim.launch.py
[0.817s] -- Up-to-date symlink: /home/zjq/桌面/humanoid_head_project/install/humanoid_head/share/humanoid_head/worlds/empty.world
[0.817s] -- Up-to-date symlink: /home/zjq/桌面/humanoid_head_project/install/humanoid_head/share/humanoid_head/environment/pythonpath.sh
[0.817s] -- Up-to-date symlink: /home/zjq/桌面/humanoid_head_project/install/humanoid_head/share/humanoid_head/environment/pythonpath.dsv
[0.817s] -- Up-to-date symlink: /home/zjq/桌面/humanoid_head_project/install/humanoid_head/local/lib/python3.10/dist-packages/humanoid_head-0.1.0-py3.10.egg-info/PKG-INFO
[0.817s] -- Up-to-date symlink: /home/zjq/桌面/humanoid_head_project/install/humanoid_head/local/lib/python3.10/dist-packages/humanoid_head-0.1.0-py3.10.egg-info/SOURCES.txt
[0.817s] -- Up-to-date symlink: /home/zjq/桌面/humanoid_head_project/install/humanoid_head/local/lib/python3.10/dist-packages/humanoid_head-0.1.0-py3.10.egg-info/dependency_links.txt
[0.818s] -- Up-to-date symlink: /home/zjq/桌面/humanoid_head_project/install/humanoid_head/local/lib/python3.10/dist-packages/humanoid_head-0.1.0-py3.10.egg-info/top_level.txt
[0.818s] -- Up-to-date symlink: /home/zjq/桌面/humanoid_head_project/install/humanoid_head/local/lib/python3.10/dist-packages/humanoid_head/__init__.py
[0.818s] -- Up-to-date symlink: /home/zjq/桌面/humanoid_head_project/install/humanoid_head/local/lib/python3.10/dist-packages/humanoid_head/cli_handler.py
[0.818s] -- Up-to-date symlink: /home/zjq/桌面/humanoid_head_project/install/humanoid_head/local/lib/python3.10/dist-packages/humanoid_head/expression_defs.py
[0.818s] -- Up-to-date symlink: /home/zjq/桌面/humanoid_head_project/install/humanoid_head/local/lib/python3.10/dist-packages/humanoid_head/expression_engine.py
[0.818s] -- Up-to-date symlink: /home/zjq/桌面/humanoid_head_project/install/humanoid_head/local/lib/python3.10/dist-packages/humanoid_head/state_machine.py
[0.818s] -- Up-to-date symlink: /home/zjq/桌面/humanoid_head_project/install/humanoid_head/lib/humanoid_head/expression_engine
[0.818s] -- Up-to-date symlink: /home/zjq/桌面/humanoid_head_project/install/humanoid_head/share/ament_index/resource_index/package_run_dependencies/humanoid_head
[0.819s] -- Up-to-date symlink: /home/zjq/桌面/humanoid_head_project/install/humanoid_head/share/ament_index/resource_index/parent_prefix_path/humanoid_head
[0.819s] -- Up-to-date symlink: /home/zjq/桌面/humanoid_head_project/install/humanoid_head/share/humanoid_head/environment/ament_prefix_path.sh
[0.819s] -- Up-to-date symlink: /home/zjq/桌面/humanoid_head_project/install/humanoid_head/share/humanoid_head/environment/ament_prefix_path.dsv
[0.819s] -- Up-to-date symlink: /home/zjq/桌面/humanoid_head_project/install/humanoid_head/share/humanoid_head/environment/path.sh
[0.819s] -- Up-to-date symlink: /home/zjq/桌面/humanoid_head_project/install/humanoid_head/share/humanoid_head/environment/path.dsv
[0.820s] -- Up-to-date symlink: /home/zjq/桌面/humanoid_head_project/install/humanoid_head/share/humanoid_head/local_setup.bash
[0.820s] -- Up-to-date symlink: /home/zjq/桌面/humanoid_head_project/install/humanoid_head/share/humanoid_head/local_setup.sh
[0.820s] -- Up-to-date symlink: /home/zjq/桌面/humanoid_head_project/install/humanoid_head/share/humanoid_head/local_setup.zsh
[0.820s] -- Up-to-date symlink: /home/zjq/桌面/humanoid_head_project/install/humanoid_head/share/humanoid_head/local_setup.dsv
[0.820s] -- Symlinking: /home/zjq/桌面/humanoid_head_project/install/humanoid_head/share/humanoid_head/package.dsv
[0.832s] -- Up-to-date symlink: /home/zjq/桌面/humanoid_head_project/install/humanoid_head/share/ament_index/resource_index/packages/humanoid_head
[0.832s] -- Up-to-date symlink: /home/zjq/桌面/humanoid_head_project/install/humanoid_head/share/humanoid_head/cmake/humanoid_headConfig.cmake
[0.832s] -- Up-to-date symlink: /home/zjq/桌面/humanoid_head_project/install/humanoid_head/share/humanoid_head/cmake/humanoid_headConfig-version.cmake
[0.832s] -- Up-to-date symlink: /home/zjq/桌面/humanoid_head_project/install/humanoid_head/share/humanoid_head/package.xml
[0.863s] Listing '/home/zjq/桌面/humanoid_head_project/install/humanoid_head/local/lib/python3.10/dist-packages/humanoid_head'...
[0.864s] Compiling '/home/zjq/桌面/humanoid_head_project/install/humanoid_head/local/lib/python3.10/dist-packages/humanoid_head/expression_engine.py'...
[0.872s] Invoked command in '/home/zjq/桌面/humanoid_head_project/build/humanoid_head' returned '0': CMAKE_PREFIX_PATH=${CMAKE_PREFIX_PATH}:/home/zjq/ros2_ws/install/lpx_bridge:/opt/ros/humble /usr/bin/cmake --install /home/zjq/桌面/humanoid_head_project/build/humanoid_head
