-- The C compiler identification is GNU 11.4.0
-- The CXX compiler identification is GNU 11.4.0
-- Detecting C compiler ABI info
-- Detecting C compiler ABI info - done
-- Check for working C compiler: /usr/bin/cc - skipped
-- Detecting C compile features
-- Detecting C compile features - done
-- Detecting CXX compiler ABI info
-- Detecting CXX compiler ABI info - done
-- Check for working CXX compiler: /usr/bin/c++ - skipped
-- Detecting CXX compile features
-- Detecting CXX compile features - done
-- Found ament_cmake: 1.3.14 (/opt/ros/humble/share/ament_cmake/cmake)
-- Found Python3: /usr/bin/python3 (found version "3.10.12") found components: Interpreter 
-- Override CMake install command with custom implementation using symlinks instead of copying resources
-- Configuring done
-- Generating done
-- Build files have been written to: /home/zjq/桌面/humanoid_head_project/build/humanoid_head
Built target ament_cmake_python_symlink_humanoid_head_setup
Built target ament_cmake_python_symlink_humanoid_head
running egg_info
creating humanoid_head.egg-info
writing humanoid_head.egg-info/PKG-INFO
writing dependency_links to humanoid_head.egg-info/dependency_links.txt
writing top-level names to humanoid_head.egg-info/top_level.txt
writing manifest file 'humanoid_head.egg-info/SOURCES.txt'
reading manifest file 'humanoid_head.egg-info/SOURCES.txt'
writing manifest file 'humanoid_head.egg-info/SOURCES.txt'
Built target ament_cmake_python_build_humanoid_head_egg
-- Install configuration: ""
-- Execute custom install script
-- Symlinking: /home/zjq/桌面/humanoid_head_project/install/humanoid_head/share/humanoid_head/environment/pythonpath.sh
-- Symlinking: /home/zjq/桌面/humanoid_head_project/install/humanoid_head/share/humanoid_head/environment/pythonpath.dsv
-- Symlinking: /home/zjq/桌面/humanoid_head_project/install/humanoid_head/local/lib/python3.10/dist-packages/humanoid_head-0.1.0-py3.10.egg-info/PKG-INFO
-- Symlinking: /home/zjq/桌面/humanoid_head_project/install/humanoid_head/local/lib/python3.10/dist-packages/humanoid_head-0.1.0-py3.10.egg-info/SOURCES.txt
-- Symlinking: /home/zjq/桌面/humanoid_head_project/install/humanoid_head/local/lib/python3.10/dist-packages/humanoid_head-0.1.0-py3.10.egg-info/dependency_links.txt
-- Symlinking: /home/zjq/桌面/humanoid_head_project/install/humanoid_head/local/lib/python3.10/dist-packages/humanoid_head-0.1.0-py3.10.egg-info/top_level.txt
-- Symlinking: /home/zjq/桌面/humanoid_head_project/install/humanoid_head/local/lib/python3.10/dist-packages/humanoid_head/__init__.py
CMake Error at ament_cmake_symlink_install/ament_cmake_symlink_install.cmake:209 (message):
  ament_cmake_symlink_install_programs() can't find
  '/home/zjq/桌面/humanoid_head_project/src/humanoid_head/scripts/expression_engine.py'
Call Stack (most recent call first):
  ament_cmake_symlink_install/ament_cmake_symlink_install.cmake:334 (ament_cmake_symlink_install_programs)
  cmake_install.cmake:46 (include)


